2026-08-26T10:28:46Z api.weather.gov
2026-08-26T10:28:46Z api.weather.gov
2026-08-26T10:28:46Z api.weather.gov
2026-08-26T10:28:46Z api.weather.gov
2026-08-26T10:28:46Z api.weather.gov
2026-08-26T10:28:46Z api.tidesandcurrents.noaa.gov
2026-08-26T10:28:47Z api.tidesandcurrents.noaa.gov
2026-08-26T10:28:47Z firms.modaps.eosdis.nasa.gov
2026-08-26T10:29:25Z wxradio.org
2026-08-26T10:29:25Z radio.weatherusa.net
2026-08-26T10:29:27Z radio.weatherusa.net
2026-08-26T10:29:29Z radio.weatherusa.net
2026-08-26T10:29:35Z radio.weatherusa.net
2026-08-26T10:34:23Z radio.weatherusa.net
2026-08-26T10:34:24Z radio.weatherusa.net
2026-08-26T10:34:26Z radio.weatherusa.net
2026-08-26T10:34:32Z radio.weatherusa.net
2026-08-26T10:35:23Z api.weather.gov
2026-08-26T10:35:23Z api.weather.gov
2026-08-26T10:35:23Z api.weather.gov
2026-08-26T10:35:23Z api.weather.gov
2026-08-26T10:35:23Z api.weather.gov
2026-08-26T10:35:24Z api.tidesandcurrents.noaa.gov
2026-08-26T10:35:24Z api.tidesandcurrents.noaa.gov
2026-08-26T10:36:03Z wxradio.org
2026-08-26T10:36:04Z radio.weatherusa.net
2026-08-26T10:36:05Z radio.weatherusa.net
2026-08-26T10:37:43Z api.weather.gov
2026-08-26T10:37:43Z api.weather.gov
2026-08-26T10:37:43Z api.weather.gov
2026-08-26T10:37:43Z api.weather.gov
2026-08-26T10:37:43Z api.weather.gov
2026-08-26T10:37:44Z firms.modaps.eosdis.nasa.gov
2026-08-26T10:37:44Z api.tidesandcurrents.noaa.gov
2026-08-26T10:37:44Z firms.modaps.eosdis.nasa.gov
2026-08-26T10:37:44Z firms.modaps.eosdis.nasa.gov
2026-08-26T10:37:44Z firms.modaps.eosdis.nasa.gov
2026-08-26T10:37:44Z firms.modaps.eosdis.nasa.gov
2026-08-26T10:37:44Z api.tidesandcurrents.noaa.gov
2026-08-26T10:37:44Z firms.modaps.eosdis.nasa.gov
2026-08-26T10:37:45Z www.ndbc.noaa.gov
2026-08-26T10:38:16Z radio.weatherusa.net
2026-08-26T10:38:17Z radio.weatherusa.net
2026-08-26T10:38:19Z radio.weatherusa.net
2026-08-26T10:38:22Z radio.weatherusa.net
2026-08-26T10:39:26Z api.weather.gov
2026-08-26T10:39:26Z api.weather.gov
2026-08-26T10:39:26Z api.weather.gov
2026-08-26T10:39:27Z api.tidesandcurrents.noaa.gov
2026-08-26T10:39:27Z firms.modaps.eosdis.nasa.gov
2026-08-26T10:39:27Z api.tidesandcurrents.noaa.gov
2026-08-26T10:39:59Z radio.weatherusa.net
2026-08-26T10:39:59Z radio.weatherusa.net
2026-08-26T10:40:01Z radio.weatherusa.net
2026-08-26T10:40:05Z radio.weatherusa.net
2026-08-26T10:44:53Z wxradio.org
2026-08-26T10:44:53Z radio.weatherusa.net
2026-08-26T10:44:54Z radio.weatherusa.net
2026-08-26T10:44:57Z radio.weatherusa.net
2026-08-26T10:45:03Z radio.weatherusa.net
2026-08-26T10:48:52Z radio.weatherusa.net
2026-08-26T10:48:53Z wxradio.org
2026-08-26T10:49:27Z api.tidesandcurrents.noaa.gov
2026-08-26T10:49:27Z www.ndbc.noaa.gov
2026-08-26T10:49:27Z api.tidesandcurrents.noaa.gov
2026-08-26T10:49:51Z radio.weatherusa.net
2026-08-26T10:49:52Z radio.weatherusa.net
2026-08-26T10:49:54Z radio.weatherusa.net
2026-08-26T10:49:58Z radio.weatherusa.net
2026-08-26T10:52:48Z wxradio.org
2026-08-26T10:52:49Z radio.weatherusa.net
2026-08-26T10:52:50Z radio.weatherusa.net
2026-08-26T10:52:53Z radio.weatherusa.net
2026-08-26T10:52:58Z radio.weatherusa.net
2026-08-26T10:54:27Z firms.modaps.eosdis.nasa.gov
2026-08-26T10:54:27Z firms.modaps.eosdis.nasa.gov
2026-08-26T10:54:27Z firms.modaps.eosdis.nasa.gov
2026-08-26T10:54:27Z firms.modaps.eosdis.nasa.gov
2026-08-26T10:54:27Z firms.modaps.eosdis.nasa.gov
2026-08-26T10:54:27Z firms.modaps.eosdis.nasa.gov
2026-08-26T10:54:27Z firms.modaps.eosdis.nasa.gov
2026-08-26T10:54:27Z firms.modaps.eosdis.nasa.gov
2026-08-26T10:59:28Z api.tidesandcurrents.noaa.gov
2026-08-26T10:59:28Z api.tidesandcurrents.noaa.gov
2026-08-26T11:09:28Z api.tidesandcurrents.noaa.gov
2026-08-26T11:09:28Z api.tidesandcurrents.noaa.gov
2026-08-26T11:09:28Z firms.modaps.eosdis.nasa.gov
2026-08-26T11:09:28Z firms.modaps.eosdis.nasa.gov
2026-08-26T11:09:29Z firms.modaps.eosdis.nasa.gov
2026-08-26T11:09:29Z firms.modaps.eosdis.nasa.gov
2026-08-26T11:09:29Z firms.modaps.eosdis.nasa.gov
2026-08-26T11:09:29Z firms.modaps.eosdis.nasa.gov
2026-08-26T11:19:29Z api.tidesandcurrents.noaa.gov
2026-08-26T11:19:29Z api.tidesandcurrents.noaa.gov
2026-08-26T11:24:29Z firms.modaps.eosdis.nasa.gov
2026-08-26T11:24:29Z firms.modaps.eosdis.nasa.gov
2026-08-26T11:24:29Z firms.modaps.eosdis.nasa.gov
2026-08-26T11:24:29Z firms.modaps.eosdis.nasa.gov
2026-08-26T11:24:29Z firms.modaps.eosdis.nasa.gov
2026-08-26T11:24:29Z firms.modaps.eosdis.nasa.gov
2026-08-26T11:24:29Z firms.modaps.eosdis.nasa.gov
2026-08-26T11:29:29Z api.tidesandcurrents.noaa.gov
2026-08-26T11:29:29Z api.tidesandcurrents.noaa.gov
2026-08-26T11:39:26Z api.tidesandcurrents.noaa.gov
2026-08-26T11:39:26Z api.tidesandcurrents.noaa.gov
2026-08-26T11:39:30Z firms.modaps.eosdis.nasa.gov
2026-08-26T11:39:30Z firms.modaps.eosdis.nasa.gov
2026-08-26T11:39:30Z firms.modaps.eosdis.nasa.gov
2026-08-26T11:39:30Z firms.modaps.eosdis.nasa.gov
2026-08-26T11:39:30Z firms.modaps.eosdis.nasa.gov
2026-08-26T11:39:30Z firms.modaps.eosdis.nasa.gov
2026-08-26T11:39:30Z firms.modaps.eosdis.nasa.gov
2026-08-26T11:49:35Z api.tidesandcurrents.noaa.gov
2026-08-26T11:49:35Z api.tidesandcurrents.noaa.gov
2026-08-26T11:54:31Z firms.modaps.eosdis.nasa.gov
2026-08-26T11:54:31Z firms.modaps.eosdis.nasa.gov
2026-08-26T11:54:31Z firms.modaps.eosdis.nasa.gov
2026-08-26T11:54:31Z firms.modaps.eosdis.nasa.gov
2026-08-26T11:54:31Z firms.modaps.eosdis.nasa.gov
2026-08-26T11:54:31Z firms.modaps.eosdis.nasa.gov
2026-08-26T11:54:31Z firms.modaps.eosdis.nasa.gov
2026-08-26T11:54:31Z firms.modaps.eosdis.nasa.gov
2026-08-26T11:59:36Z api.tidesandcurrents.noaa.gov
2026-08-26T11:59:36Z api.tidesandcurrents.noaa.gov
2026-08-26T12:09:32Z firms.modaps.eosdis.nasa.gov
2026-08-26T12:09:32Z firms.modaps.eosdis.nasa.gov
2026-08-26T12:09:32Z firms.modaps.eosdis.nasa.gov
2026-08-26T12:09:32Z firms.modaps.eosdis.nasa.gov
2026-08-26T12:09:32Z firms.modaps.eosdis.nasa.gov
2026-08-26T12:09:32Z firms.modaps.eosdis.nasa.gov
2026-08-26T12:09:32Z firms.modaps.eosdis.nasa.gov
2026-08-26T12:09:36Z api.tidesandcurrents.noaa.gov
2026-08-26T12:09:36Z api.tidesandcurrents.noaa.gov
2026-08-26T12:19:37Z api.tidesandcurrents.noaa.gov
2026-08-26T12:19:37Z api.tidesandcurrents.noaa.gov
2026-08-26T12:24:32Z firms.modaps.eosdis.nasa.gov
2026-08-26T12:24:32Z firms.modaps.eosdis.nasa.gov
2026-08-26T12:24:32Z firms.modaps.eosdis.nasa.gov
2026-08-26T12:24:32Z firms.modaps.eosdis.nasa.gov
2026-08-26T12:24:32Z firms.modaps.eosdis.nasa.gov
2026-08-26T12:24:33Z firms.modaps.eosdis.nasa.gov
2026-08-26T12:29:37Z api.tidesandcurrents.noaa.gov
2026-08-26T12:29:37Z api.tidesandcurrents.noaa.gov
2026-08-26T12:39:26Z api.tidesandcurrents.noaa.gov
2026-08-26T12:39:26Z api.tidesandcurrents.noaa.gov
2026-08-26T12:39:33Z firms.modaps.eosdis.nasa.gov
2026-08-26T12:39:33Z firms.modaps.eosdis.nasa.gov
2026-08-26T12:39:33Z firms.modaps.eosdis.nasa.gov
2026-08-26T12:39:33Z firms.modaps.eosdis.nasa.gov
2026-08-26T12:39:33Z firms.modaps.eosdis.nasa.gov
2026-08-26T12:39:33Z firms.modaps.eosdis.nasa.gov
2026-08-26T12:39:33Z firms.modaps.eosdis.nasa.gov
2026-08-26T12:39:33Z firms.modaps.eosdis.nasa.gov
2026-08-26T12:54:34Z firms.modaps.eosdis.nasa.gov
2026-08-26T12:54:34Z firms.modaps.eosdis.nasa.gov
2026-08-26T12:54:34Z firms.modaps.eosdis.nasa.gov
2026-08-26T12:54:34Z firms.modaps.eosdis.nasa.gov
2026-08-26T12:54:34Z firms.modaps.eosdis.nasa.gov
2026-08-26T12:54:34Z firms.modaps.eosdis.nasa.gov
2026-08-26T12:54:34Z firms.modaps.eosdis.nasa.gov
2026-08-26T12:54:34Z firms.modaps.eosdis.nasa.gov
2026-08-26T13:00:58Z api.tidesandcurrents.noaa.gov
2026-08-26T13:09:26Z api.tidesandcurrents.noaa.gov
2026-08-26T13:09:34Z firms.modaps.eosdis.nasa.gov
2026-08-26T13:09:35Z firms.modaps.eosdis.nasa.gov
2026-08-26T13:09:35Z firms.modaps.eosdis.nasa.gov
2026-08-26T13:09:35Z firms.modaps.eosdis.nasa.gov
2026-08-26T13:09:35Z firms.modaps.eosdis.nasa.gov
2026-08-26T13:09:35Z firms.modaps.eosdis.nasa.gov
2026-08-26T13:09:35Z firms.modaps.eosdis.nasa.gov
2026-08-26T13:19:28Z www.ospo.noaa.gov
2026-08-26T13:19:28Z services3.arcgis.com
2026-08-26T13:19:28Z firms.modaps.eosdis.nasa.gov
2026-08-26T13:19:37Z api.tidesandcurrents.noaa.gov
2026-08-26T13:22:33Z api.tidesandcurrents.noaa.gov
2026-08-26T13:24:35Z firms.modaps.eosdis.nasa.gov
2026-08-26T13:24:35Z firms.modaps.eosdis.nasa.gov
2026-08-26T13:24:35Z firms.modaps.eosdis.nasa.gov
2026-08-26T13:24:35Z firms.modaps.eosdis.nasa.gov
2026-08-26T13:24:35Z firms.modaps.eosdis.nasa.gov
2026-08-26T13:24:35Z firms.modaps.eosdis.nasa.gov
2026-08-26T13:24:35Z firms.modaps.eosdis.nasa.gov
2026-08-26T13:29:31Z www.ospo.noaa.gov
2026-08-26T13:29:31Z services3.arcgis.com
2026-08-26T13:29:32Z firms.modaps.eosdis.nasa.gov
2026-08-26T13:29:49Z api.tidesandcurrents.noaa.gov
2026-08-26T13:29:49Z api.tidesandcurrents.noaa.gov
2026-08-26T13:39:28Z api.tidesandcurrents.noaa.gov
2026-08-26T13:39:28Z api.tidesandcurrents.noaa.gov
2026-08-26T13:39:35Z www.ospo.noaa.gov
2026-08-26T13:39:36Z services3.arcgis.com
2026-08-26T13:39:36Z firms.modaps.eosdis.nasa.gov
2026-08-26T13:39:36Z firms.modaps.eosdis.nasa.gov
2026-08-26T13:39:36Z firms.modaps.eosdis.nasa.gov
2026-08-26T13:39:36Z firms.modaps.eosdis.nasa.gov
2026-08-26T13:39:36Z firms.modaps.eosdis.nasa.gov
2026-08-26T13:39:36Z firms.modaps.eosdis.nasa.gov
2026-08-26T13:39:36Z firms.modaps.eosdis.nasa.gov
2026-08-26T13:39:36Z firms.modaps.eosdis.nasa.gov
2026-08-26T13:46:06Z api.tidesandcurrents.noaa.gov
2026-08-26T13:46:07Z api.tidesandcurrents.noaa.gov
2026-08-26T13:48:07Z api.tidesandcurrents.noaa.gov
2026-08-26T13:48:07Z api.tidesandcurrents.noaa.gov
2026-08-26T13:49:39Z www.ospo.noaa.gov
2026-08-26T13:49:39Z api.tidesandcurrents.noaa.gov
2026-08-26T13:49:39Z api.tidesandcurrents.noaa.gov
2026-08-26T13:49:39Z services3.arcgis.com
2026-08-26T13:49:40Z firms.modaps.eosdis.nasa.gov
2026-08-26T13:52:31Z api.tidesandcurrents.noaa.gov
2026-08-26T13:54:08Z api.tidesandcurrents.noaa.gov
2026-08-26T13:54:37Z firms.modaps.eosdis.nasa.gov
2026-08-26T13:54:37Z firms.modaps.eosdis.nasa.gov
2026-08-26T13:54:37Z firms.modaps.eosdis.nasa.gov
2026-08-26T13:54:37Z firms.modaps.eosdis.nasa.gov
2026-08-26T13:54:37Z firms.modaps.eosdis.nasa.gov
2026-08-26T13:54:37Z firms.modaps.eosdis.nasa.gov
2026-08-26T13:54:37Z firms.modaps.eosdis.nasa.gov
2026-08-26T13:54:37Z firms.modaps.eosdis.nasa.gov
2026-08-26T13:59:42Z www.ospo.noaa.gov
2026-08-26T13:59:44Z services3.arcgis.com
2026-08-26T13:59:44Z firms.modaps.eosdis.nasa.gov
