                                                                              
                                                                              
   ┏━━ WATCHPOST Observer  vbench ━━  Updated: 08/24/2026 1:00:00 AM UTC ━━┓  
   ┃   [s] Settings  [S] Status  [?] Help  [q] Quit   API: ✔2 ⚠0 ✘0 /  2   ┃  
   ┗━━━━━━━━━━━━━━━━━━━━━━━━━━━━━━━━━━━━━━━━━━━━━━━━━━━━━━━━━━━━━━━━━━━━━━━┛  
                                                                              
     Warnings  30 ⚠  Severe Thunderstorm Warning · Benchmark County 00,       
    ┌── Map · Benchmark City 01 ──────────────────────────────────────────┐   
   ┏│┌─ Area Alerts ─────────────┐⠤⠤⠤⡄⠀⠀⠀⠀⠀⠀⠀⠀⠀⠀⠀⠀⠀⠀⠀⠀⠀⠀⠀⠀⠀⠀⠈⠢⡀⠀⠀⠑⠢⡀⠀⠀⠀⠀⠀⠀│┓  
   ┃││ Benchmark City 01 -       │⠀⠀⠀⡇⠀⠀⠀⠀⠀⠀⠀⠀⠀⠀⠀⠀⠀⠀⠀⠀⠀⠀⠀⠀⠀⠀⠀⠀⠈⠢⡀⠀⠀⠈⠑⢄⡀⠀⠀⠀│┃  
   ┃││ Currently: 73°F, partly   │⠀⠀⠀⡇⠀⠀⠀⠀⠀⠀⠀⠀⠀⠀⠀⠀⠀⠀⠀⠀⠀⠀⠀⠀⠀⠀⠀⠀⠀⠀⠘⢄⠀⠀⠀⠀⢈⠆⠀⠀│┃  
   ┗││ cloudy.                   │· SEVERE⠀⠀⠀⠀⠀⠀⠀⠀⠀⠀⠀⠀⠀⠀⠀⠀⠀⠀⠀⠀⠀⠀⠀⠈⢢⠀⠀⢠⠊⠀⠀⠀│┛  
   0││ Wind Warning in effect    │⠀⠀⠀3⠀⠀⠀⠀⠀⠀⠀⠀⠀⠀⠀⠀⠀⠀⠀⠀⠀⠀⠀⠀⠀⠀⠀⠀⠀⠀⠀⠀⠀⠉⠉⠁⠀⠀⠀⠀│]  
    ││ for nearby areas.         │⠀⠀⠀⡇⠀⠀⠀⠀⠀⠀⠀⠀⠀⠀⠀⠀⠀⠀⠀⠀⠀⠀⠀⠀⠀⠀⠀⠀⠀⠀⠀⠀⠀⠀⠀⠀⠀⠀⠀⠀│   
   [│└───────────────────────────┘⠉⠉⠉⠁⠀⠀⠀⠀⠀⠀⠀⠀⠀⠀⠀⠀⠀⠀⠀⠀⠀⠀⠀⠀⠀⠀⠀⠀⠀⠀⠀⠀⠀⠀⠀⠀⠀⠀⠀⠀│   
   [│⠀⠀⠀⠀⠀⠀⠀⠀⠀⠀⠀⠀⠀⠀⠀⠀⠀⠀⠀⠀⠀⠀⠀⠀⠀⠀⠀⠀⡇⠀⠀⠀⠀⠀⠀⠀⠀⠀⠀⠀⠀⠀⠀⠀⠀⠀⠀⠀⠀⠀⠀⠀⠀⠀⠀⠀⠀⠀⠀⠀⠀⠀⠀⠀⠀⠀⠀⠀⠀│   
   [│⠀⠀⠀⠀⠀⠀⠀⠀⠀⠀⠀⠀⠀⠀⠀⠀⠀⠀⠀⠀⠀⠀⠀⠀⠀⠀⠀⠀⢇⠀⠀⠀⠀⠀⠀⠀⠀⠀⠀⠀⠀⠀⠀⠀⠀⠀⠀⠀⠀⠀⠀⠀⠀⠀⠀⠀⠀⠀⠀⠀⠀⠀⠀⠀⠀⠀⠀⠀⠀│]  
   [│⠀⠀⠀⠀⠀⠀⠀⠀⠀⠀⠀⠀⠀⠀⠀⠀⠀⠀⠀⠀⠀⠀⠀⠀⠀⠀San Diego⠀⠀⠀⠀⠀⠀⠀⠀⠀⠀⠀⠀⠀⠀⠀⠀⠀⠀⠀⠀⠀⠀⠀⠀⠀⠀⠀⠀⠀⠀⠀⠀⠀⠀│]  
   ›│⠀⠀⠀⠀⠀⠀⠀⠀⠀⠀⠀⠀⠀⠀⠀⠀⠀⠀⠀⠀⠀⠀⠀⠀⠀⠀⠀⠀⠸⠔⠢⡀⠀⠀⠀⠀⠀⠀⠀⠀⠀⠀⠀⠀⠀⠀⠀⠀⠀⠀⠀⠀⠀⠀⠀⠀⠀⠀⠀⠀⠀⢀⣀⣀⣀⣀⣀⠤⠤│   
    │├───┤ 20 km⠀⠀⠀⠀⠀⠀OpenFreeMap (c) OpenMapTiles Data from OpenStreetMap│   
    │ This is a coarser picture: the map has no finer tiles for this view.│   
    │ [A] Area Alerts  [O] Overlays  [L] Legend                           │   
    └─────────────────────────────────────────────────────────────────────┘   
        ●       006. Benchmark City 06        90005   P.CLOUDY       82°F     
        ●    1⚠ 007. Benchmark City 07        90006   P.CLOUDY       84°F     
        ●       008. Benchmark City 08        90007   P.CLOUDY       73°F     
        ●       009. Benchmark City 09        90008   P.CLOUDY       75°F     
        ●    1⚠ 010. Benchmark City 10        90009   P.CLOUDY       77°F     
   [                   R E C E N T   /   S E A R C H E D                   ] ▲
        ●    1⚠ 011. Benchmark City 101       90100   P.CLOUDY       77°F    █
                                                Showing 1-1 of 50 locations  ▼