                                                                              
                                                                              
   +-- W A T C H P O S T  vtest ----------------  awaiting first data... --+  
   |   [s] [a] [t] [M] [S] [?] [q]                      OK0 !!0 XX0 /  0   |  
   +-----------------------------------------------------------------------+  
   +-- SEVERE WEATHER / DISASTER EVENTS -----------------------------------+  
   |                                                                       |  
   |    [>Warn] [Watch] [Advis] [Stmts] [Quakes] [Tropical]                |  
   |                                                                       |  
   |    Warnings - 9 active                                                |  
   |  [                 EVENT                  ][       LOCATION       ]   |  
   |  >    001. Extreme Heat Warning              Wicomico, MD             |  
   |       002. Tornado Warning                   Olathe, KS               |  
   |       003. Flash Flood Warning               Palomar Mountain, CA     |  
   |       004. Severe Thunderstorm Warning       San Diego, CA            |  
   |       005. Gale Warning                      Cape Cod Bay, MA         |  
   |       006. Red Flag Warning                  Kern County Mtns, CA     |  
   |       007. Flood Warning                     Wakefield, VA            |  
   |       008. Special Marine Warning            Chesapeake Bay, MD       |  
   |       009. High Wind Warning                 Laramie, WY              |  
   |                                             9 Total Category Events   |  
   |                                                                       |  
   |    [up/down] [left/right]  [enter] Open  [space] Read  [esc] Close    |  
   +-----------------------------------------------------------------------+  
   [                                                                       ]  
   [                   R E C E N T   /   S E A R C H E D                   ]  
   [                                                                       ] ^
                                                                              
              NO RECENT LOCATION SEARCHED or DATA-SEEDING FAILED              
                                                                             v