                                                                              
                                                                              
   ┏━━ WATCHPOST Observer  vtest ━━━━━━━━━━━━━━━  awaiting first data... ━━┓  
   ┃   [s] Settings  [S] Status  [?] Help  [q] Quit   API: ✔0 ⚠0 ✘0 /  0   ┃  
   ┗━━━━━━━━━━━━━━━━━━━━━━━━━━━━━━━━━━━━━━━━━━━━━━━━━━━━━━━━━━━━━━━━━━━━━━━┛  
   ┌── NOTABLE EVENTS AND FORECASTS ── Updated 08/28/2026 3:38:05 PM UTC ──┐  
   │                                                                       │  
   │    [Emrg] [›Warn] [Watch] [Advis] [Stmts] [Disast] [Marine] [Fcast]   │  
   │                                                                       │  
   │  [               E V E N T                ][       LOCATION       ]   │  
   │  ›    001. Extreme Heat Warning              Wicomico, MD             │  
   │       002. Tornado Warning                   Olathe, KS               │  
   │       003. Flash Flood Warning               Palomar Mountain, CA     │  
   │       004. Severe Thunderstorm Warning       San Diego, CA            │  
   │       005. Gale Warning                      Cape Cod Bay, MA         │  
   │       006. Red Flag Warning                  Kern County Mtns, CA     │  
   │       007. Flood Warning                     Wakefield, VA            │  
   │       008. Special Marine Warning            Chesapeake Bay, MD       │  
   │       009. High Wind Warning                 Laramie, WY              │  
   │                                             9 Total Category Events   │  
   │                                                                       │  
   │    [↑↓] Rows  [←→] Tabs  [enter] Details  [space] Play  [esc] Close   │  
   └───────────────────────────────────────────────────────────────────────┘  
   [                   R E C E N T   /   S E A R C H E D                   ]  
   [                                                                       ] ▲
                                                                              
              NO RECENT LOCATION SEARCHED or DATA-SEEDING FAILED              
                                                                             ▼