mutant-verdicts: 358 mutant(s)
  log: dist/mutant-verdicts.log  (watch this file; the run streams into it)
  ETA: ~65 min, from the per-package rates this corpus actually ran at
  every line carries its position, so any read of this file says where the run is

baseline ./platform/lineup/ ... green
[1/358] CAUGHT   06_docs/mutants/m100_settle_skipped_after_queueing_a_read.py — TestAStaleDropLandsOnThePile (0.00s)
[2/358] CAUGHT   06_docs/mutants/m101_readid_not_a_function_of_the_ref.py — TestAStaleDropLandsOnThePile (0.00s)
[3/358] CAUGHT   06_docs/mutants/m103_next_reads_the_main_track_first.py — TestTheRailDrainsBeforeTheMainTrackThroughStep (0.00s)
[4/358] CAUGHT   06_docs/mutants/m104_toprepare_composes_the_programme_first.py — TestTheRailDrainsBeforeTheMainTrackThroughStep (0.00s)
[5/358] CAUGHT   06_docs/mutants/m105_two_cards_hold_the_air.py — TestTheNextCardIsBuiltWhileThisOneReads (0.00s)
[6/358] CAUGHT   06_docs/mutants/m106_the_lineup_admits_two_cards_with_one_identity.py — TestTheLineupRefusesACardItCannotAddress (0.00s)
[7/358] CAUGHT   06_docs/mutants/m107_a_stopped_programme_reads_anyway.py — TestTheMergedStationHoldsItsPropertiesUnderRandomTiming (0.00s)
baseline ./app/ ... green
[8/358] CAUGHT   06_docs/mutants/m108_the_programme_never_starts.py — TestATuneStartsTheMonitorAndNotTheStation (0.07s)
[9/358] CAUGHT   06_docs/mutants/m109_a_stale_need_still_queues_a_card.py — TestAStaleNeedIsNotReported (0.00s)
[10/358] CAUGHT   06_docs/mutants/m15_alertkeysof_drops_guard.py — TestAlertKeysOfRefusesAnythingItCannotIdentify (0.00s)
[11/358] SURVIVED 06_docs/mutants/m16_scopeevents_drops_ok.py — NOTHING FAILS. This behaviour is unpinned.
[12/358] CAUGHT   06_docs/mutants/m22_mark_on_read_removed.py — TestAnEvacuationOrderLeadsTheReadAndIsSpokenAloud (0.00s)
[13/358] CAUGHT   06_docs/mutants/m25_stillnew_guard_removed.py — TestAnAlreadyReadAlertIsNotOfferedAgain (0.00s)
baseline ./domains/globalfeed/ ... green
[14/358] CAUGHT   06_docs/mutants/m26_keepworst_removed.py — TestTheCapKeepsTheMostSevereNotTheMostRecent (0.00s)
baseline ./domains/radio/player/ ... green
[15/358] CAUGHT   06_docs/mutants/m30_open_ignores_the_dip.py — TestARelayOpenedUnderAnAlertComesUpDipped (0.10s)
[16/358] CAUGHT   06_docs/mutants/m31_play_before_volume.py — TestARelayOpenedUnderAnAlertComesUpDipped (0.16s)
[17/358] CAUGHT   06_docs/mutants/m33_lane_cut_leaks_into_the_window.py — TestTheLaneCutDoesNotReorderTheWindow (0.00s)
[18/358] CAUGHT   06_docs/mutants/m34_setlive_false_dropped.py — TestStartingASourceRecordsWhetherItIsLive (0.10s)
[19/358] CAUGHT   06_docs/mutants/m35_dip_is_no_dip.py — TestTheDipDepthIsPinned (0.00s)
[20/358] CAUGHT   06_docs/mutants/m36_dip_is_silence.py — TestTheDipDepthIsPinned (0.00s)
baseline ./domains/severe/ ... green
[21/358] CAUGHT   06_docs/mutants/m37_aqa_not_an_advisory.py — TestClassifySixTabs (0.00s)
[22/358] CAUGHT   06_docs/mutants/m38_forecasts_arm_removed.py — TestClassifyPlacesEveryStatementAndMarineProduct (0.00s)
[23/358] CAUGHT   06_docs/mutants/m39_marine_beats_warning.py — TestClassifyPlacesEveryStatementAndMarineProduct (0.00s)
[24/358] CAUGHT   06_docs/mutants/m40_statements_exact_again.py — TestClassifyPlacesEveryStatementAndMarineProduct (0.00s)
[25/358] CAUGHT   06_docs/mutants/m41_forecast_arm_dropped.py — TestClassifyPlacesEveryStatementAndMarineProduct (0.00s)
[26/358] CAUGHT   06_docs/mutants/m42_aqa_matched_loosely.py — TestOnlyTheAirQualityAlertIsAnAlertByName (0.00s)
[27/358] SURVIVED 06_docs/mutants/m43_marine_narrowed.py — NOTHING FAILS. This behaviour is unpinned.
baseline ./platform/bucket/ ... green
[28/358] CAUGHT   06_docs/mutants/m44_bytab_lower_bound.py — TestByTabDropsRowsThatIndexNoTab (0.00s) [caught only against ./...]
baseline ./platform/category/ ... green
[29/358] CAUGHT   06_docs/mutants/m45_forecast_tone_is_marines.py — TestEveryCategoryIsFullyDescribed (0.00s)
[30/358] CAUGHT   06_docs/mutants/m46_forecasts_hint_false.py — TestTheRulingsThatDecidedThisOrder (0.00s)
[31/358] CAUGHT   06_docs/mutants/m48_cue_send_deleted.py — TestT03TheCuePrecedesTheWordsForEveryEvent (0.00s)
[32/358] CAUGHT   06_docs/mutants/m49_cue_after_the_words.py — TestT03TheCuePrecedesTheWordsForEveryEvent (0.00s)
[33/358] CAUGHT   06_docs/mutants/m51_advance_ignores_stop.py — TestAStoppedProgrammeDoesNotAdvanceTheBed (0.00s)
[34/358] CAUGHT   06_docs/mutants/m52_dwell_arms_for_any_mode.py — TestACycleEndOutsideWatchlistHoldsTheBed (0.00s)
[35/358] CAUGHT   06_docs/mutants/m53_dwell_restarts_on_every_arm.py — TestARepeatedTunedReportDoesNotRestartTheTurn (0.00s)
[36/358] CAUGHT   06_docs/mutants/m55_read_order_harmonised_to_tab_order.py — TestTheThreeOrderingsAreIndependentlyDeclared (0.00s)
[37/358] CAUGHT   06_docs/mutants/m56_forecasts_become_readable.py — TestTheReadOrderIsTheRatifiedOne (0.00s)
[38/358] CAUGHT   06_docs/mutants/m57_warnings_outrank_disasters.py — TestTheReadOrderIsTheRatifiedOne (0.00s)
[39/358] CAUGHT   06_docs/mutants/m58_rail_no_longer_drains_first.py — TestTheRailDrainsBeforeTheMainTrackThroughStep (0.00s)
[40/358] CAUGHT   06_docs/mutants/m59_next_offers_any_live_card.py — TestACardOnTheAirIsNotOfferedAgain (0.00s)
[41/358] CAUGHT   06_docs/mutants/m60_on_air_lock_removed.py — TestACardOnTheAirRefusesEditsButMayStillLeaveTheAir (0.00s)
[42/358] CAUGHT   06_docs/mutants/m61_lineup_takes_any_card.py — TestTheLineupTakesAdmittedCardsAndNothingElse (0.00s)
[43/358] CAUGHT   06_docs/mutants/m62_the_air_has_one_exit.py — TestTheCardStatesAdvanceOnlyAlongTheDeclaredPath (0.00s)
[44/358] CAUGHT   06_docs/mutants/m63_cards_hands_out_the_storage.py — TestAReaderCannotReachTheLineupsOwnStorage (0.00s)
[45/358] CAUGHT   06_docs/mutants/m64_queue_appends_in_place.py — TestTwoLineupsBuiltFromOneNeverShareStorage (0.00s)
[46/358] CAUGHT   06_docs/mutants/m65_text_may_arrive_at_admission.py — TestAReportsTextMaterialisesAtStandbyAndNowhereElse (0.00s)
[47/358] CAUGHT   06_docs/mutants/m66_a_card_takes_the_air_empty.py — TestACardTakesTheAirWithItsWordsAlreadyOnIt (0.00s)
[48/358] CAUGHT   06_docs/mutants/m67_a_card_may_change_what_it_is.py — TestACardKeepsItsSlotAndItsOriginForLife (0.00s)
[49/358] CAUGHT   06_docs/mutants/m68_two_cards_under_one_identity.py — TestTheLineupRefusesACardItCannotAddress (0.00s)
[50/358] CAUGHT   06_docs/mutants/m69_ladder_built_remaining_first.py — TestTheFenceIsTheOnlyCarrierOfWhetherOneIsInForce (0.00s)
[51/358] CAUGHT   06_docs/mutants/m70_emergencies_do_not_spend_the_budget.py — TestALapsedHazardLeavesTheRail (0.00s)
[52/358] CAUGHT   06_docs/mutants/m71_emergencies_bounded_by_max.py — TestEmergencyOrdersLeadAndSpendTheBudget (0.00s)
[53/358] CAUGHT   06_docs/mutants/m72_divert_counts_what_never_arrived.py — TestTheFenceFiltersWhatReachesTheLineupAtAll (0.00s)
[54/358] CAUGHT   06_docs/mutants/m73_the_fence_stops_mattering.py — TestTheFenceIsTheOnlyCarrierOfWhetherOneIsInForce (0.00s)
[55/358] CAUGHT   06_docs/mutants/m74_freshness_boundary_moved.py — TestTheFreshnessBoundaryIsTwentyFourHours (0.00s)
[56/358] CAUGHT   06_docs/mutants/m75_ties_keep_the_arrival_order.py — TestTiesAreBrokenByIdentity (0.00s)
[57/358] CAUGHT   06_docs/mutants/m76_recency_outranks_severity.py — TestWithinARungTheWorstIsReadFirst (0.00s)
[58/358] CAUGHT   06_docs/mutants/m77_unreadable_rows_enter_the_burst.py — TestForecastsNeverEnterABurst (0.00s)
[59/358] CAUGHT   06_docs/mutants/m78_the_freshness_rule_lands_on_warnings.py — TestTheFenceIsTheOnlyCarrierOfWhetherOneIsInForce (0.00s)
[60/358] CAUGHT   06_docs/mutants/m79_freshness_window_widened.py — TestTheFreshnessBoundaryIsTwentyFourHours (0.00s)
[61/358] CAUGHT   06_docs/mutants/m80_the_fence_stops_governing_entry.py — TestTheFenceFiltersWhatReachesTheLineupAtAll (0.00s)
[62/358] CAUGHT   06_docs/mutants/m81_reach_granted_to_every_category.py — TestOnlyADisasterCarriesReach (0.00s)
[63/358] CAUGHT   06_docs/mutants/m82_magnitude_ceiling_removed.py — TestReachGrowsWithMagnitudeAndStopsBelowTheStrongThreshold (0.00s)
[64/358] CAUGHT   06_docs/mutants/m83_reach_below_the_strong_threshold.py — TestReachGrowsWithMagnitudeAndStopsBelowTheStrongThreshold (0.00s)
[65/358] CAUGHT   06_docs/mutants/m84_a_fence_with_no_origin_falls_back.py — TestAFenceWithNoOriginAdmitsNothing (0.00s)
[66/358] CAUGHT   06_docs/mutants/m85_pointless_alerts_walk_through.py — TestAPointlessAlertIsAdmittedOnlyByTheTrackedTie (0.00s)
[67/358] CAUGHT   06_docs/mutants/m86_the_radius_becomes_exclusive.py — TestAnAlertExactlyOnTheRadiusIsInside (0.00s)
[68/358] CAUGHT   06_docs/mutants/m87_reach_compared_in_the_wrong_unit.py — TestASignificantDisasterCarriesItsOwnReach (0.00s)
[69/358] CAUGHT   06_docs/mutants/m88_no_radius_fences_everything_out.py — TestAnArrivalIsPlannedQueuedPreparedAndPublished (0.00s)
[70/358] CAUGHT   06_docs/mutants/m90_the_words_precede_the_cue.py — TestTheCueAlwaysPrecedesTheWords (0.00s)
[71/358] CAUGHT   06_docs/mutants/m91_the_next_card_waits_for_this_one.py — TestTheNextCardIsBuiltWhileThisOneReads (0.00s)
[72/358] CAUGHT   06_docs/mutants/m92_the_release_is_conditional_again.py — TestEveryExitFromTheAirReleasesTheTicker (0.00s)
[73/358] CAUGHT   06_docs/mutants/m93_the_release_fires_without_a_cue.py — TestACardThatNeverTookTheAirReleasesNothing (0.00s)
[74/358] CAUGHT   06_docs/mutants/m94_a_second_card_takes_the_air.py — TestTheNextCardIsBuiltWhileThisOneReads (0.00s)
[75/358] CAUGHT   06_docs/mutants/m95_publish_comes_first.py — TestAnArrivalIsPlannedQueuedPreparedAndPublished (0.00s)
[76/358] CAUGHT   06_docs/mutants/m96_a_card_is_built_twice.py — TestTheDirectorRemembersWhenAKindWasLastRead (0.00s)
[77/358] CAUGHT   06_docs/mutants/m97_the_clock_runs_backwards.py — TestTheClockOnlyMovesForward (0.00s)
[78/358] CAUGHT   06_docs/mutants/m98_a_stranger_disturbs_the_schedule.py — TestTheNextCardIsBuiltWhileThisOneReads (0.00s)
[79/358] CAUGHT   06_docs/mutants/m99_an_arriving_burst_replaces_the_rail.py — TestAnArrivalIsPlannedQueuedPreparedAndPublished (0.00s)
[80/358] CAUGHT   06_docs/mutants/mA0_the_programme_runs_while_stopped.py — TestTheMergedStationHoldsItsPropertiesUnderRandomTiming (0.00s)
[81/358] CAUGHT   06_docs/mutants/mA1_stopping_silences_the_alert_rail.py — TestTheRailStillDrainsWhileTheBedCarries (0.00s)
[82/358] CAUGHT   06_docs/mutants/mA2_stopping_cuts_the_alert_short.py — TestStandbyTakesTheReportOffTheAirAndLeavesTheHazardReading (0.00s)
[83/358] CAUGHT   06_docs/mutants/mA3_stopping_leaves_the_programme_on_the_air.py — TestStandbyTakesTheReportOffTheAirAndLeavesTheHazardReading (0.00s)
[84/358] CAUGHT   06_docs/mutants/mA4_a_new_director_comes_up_running.py — TestANewDirectorIsStopped (0.00s)
[85/358] CAUGHT   06_docs/mutants/mA6_a_repeated_stop_releases_again.py — TestPoweringToWhatItAlreadyIsChangesNothing (0.00s)
[86/358] CAUGHT   06_docs/mutants/mA7_an_unknown_power_reads_as_running.py — TestAnUndeclaredPowerAdvancesNothing (0.00s)
[87/358] CAUGHT   06_docs/mutants/mA8_the_head_of_the_queue_is_skipped.py — TestTheRailDrainsBeforeTheMainTrackThroughStep (0.00s)
baseline ./modes/tty/ ... green
[88/358] CAUGHT   06_docs/mutants/mAA1_the_listeners_location_leaks_to_the_console.py — TestTheConsoleDrawsOnlyTheSettingsThatApplyToIt (0.00s)
[89/358] CAUGHT   06_docs/mutants/mAA2_a_group_heading_is_drawn_over_nothing.py — TestTheConsoleDrawsOnlyTheSettingsThatApplyToIt (0.00s)
[90/358] CAUGHT   06_docs/mutants/mAA3_the_window_opens_on_a_row_nobody_can_see.py — TestTheWindowOpensOnARowThisSurfaceDraws (0.00s)
[91/358] CAUGHT   06_docs/mutants/mAA4_tab_lands_in_a_group_this_surface_hides.py — TestTheKeyboardNeverFocusesAHiddenRow (0.00s)
[92/358] CAUGHT   06_docs/mutants/mAA5_the_window_ignores_the_surface_entirely.py — TestSetupAllocBudget (0.11s)
[93/358] CAUGHT   06_docs/mutants/mAB2_the_pool_is_whatever_is_left_over.py — TestTheScrollControlIsThePoolsAlone (0.00s)
baseline ./platform/render/ ... green
[94/358] CAUGHT   06_docs/mutants/mAB3_the_hazard_touches_the_place.py — TestTheHazardNeverTouchesThePlace (0.00s)
[95/358] CAUGHT   06_docs/mutants/mAB4_the_pointer_inherits_the_digits_ceiling.py — TestEnterOpensTheRowThePointerIsOn (0.00s)
[96/358] CAUGHT   06_docs/mutants/mAB5_the_number_stencil_floats_again.py — TestTheNumberStencilHangsItsNumbers (0.00s)
[97/358] CAUGHT   06_docs/mutants/mAB6_the_focused_slot_is_not_painted.py — TestTheFocusedSlotIsPaintedLikeTheFocusedLocation (0.00s)
[98/358] CAUGHT   06_docs/mutants/mAC1_the_control_claims_the_running_order.py — TestThePointerWalksAndTheWindowFollows (0.00s)
[99/358] CAUGHT   06_docs/mutants/mAC2_the_pools_headings_scroll_away.py — TestThePoolTableDrawsTheStationsCandidates (0.00s)
[100/358] CAUGHT   06_docs/mutants/mAC3_wx_stn_outranks_zip.py — TestThePoolGivesUpWxStnBeforeZip (0.00s)
[101/358] CAUGHT   06_docs/mutants/mAC4_population_sets_against_the_gutter.py — TestPopulationSetsUnderItsOwnHeading (0.00s)
[102/358] CAUGHT   06_docs/mutants/mAC5_the_bed_is_drawn_twice_again.py — TestTheBedIsDrawnOnceInsideTheStationSection (0.00s)
[103/358] CAUGHT   06_docs/mutants/mAC6_the_air_box_leaves_the_station_section.py — TestTheAirBoxAlwaysDrawsBothRows (0.00s)
[104/358] CAUGHT   06_docs/mutants/mAC7_the_air_boxs_width_gets_a_second_owner.py — TestGoingOnAirFillsTheLiveRow (0.00s)
[105/358] CAUGHT   06_docs/mutants/mAC8_the_console_reads_the_terminals_palette.py — TestTheConsoleArmsTheThemesForeground (0.00s)
[106/358] CAUGHT   06_docs/mutants/mAC9_the_frames_tint_assumes_a_palette_index.py — TestTheConsoleArmsTheThemesForeground (0.00s)
[107/358] CAUGHT   06_docs/mutants/mAD1_a_fabricated_card_loses_its_mark.py — TestAFabricatedCardStillSaysSoInItsRule (0.00s)
[108/358] CAUGHT   06_docs/mutants/mAD2_the_mark_follows_the_headline.py — TestAFabricatedCardStillSaysSoInItsRule (0.00s)
[109/358] CAUGHT   06_docs/mutants/mAD3_an_empty_slot_loses_its_way_in.py — TestAnEmptySlotStillCarriesItsHandle (0.00s)
[110/358] CAUGHT   06_docs/mutants/mAD4_the_manifest_caption_drifts_off_centre.py — TestTheUpNextCardFollowsTheReferencesOrder (0.00s)
[111/358] CAUGHT   06_docs/mutants/mAD5_the_card_stamp_goes_long_again.py — TestTheUpNextCardFollowsTheReferencesOrder (0.00s)
[112/358] CAUGHT   06_docs/mutants/mAE1_the_bed_takes_the_bare_arrows_back.py — TestTheBedsControlsReachTheStation (0.00s)
[113/358] CAUGHT   06_docs/mutants/mAE2_the_bed_chip_names_the_wrong_key.py — TestABedWithRelaysIsOffered (0.00s)
[114/358] CAUGHT   06_docs/mutants/mAF1_the_pool_builds_its_own_row.py — TestThePoolsWeatherIsObserversWeather (0.00s)
[115/358] CAUGHT   06_docs/mutants/mAF2_the_pool_falls_out_of_the_pipeline.py — TestTheStationsPoolSurvivesACommit (0.03s)
[116/358] CAUGHT   06_docs/mutants/mAF3_a_moved_station_never_fetches_its_pool.py — TestARestationedPoolIsWhatGetsFetched (0.07s)
[117/358] CAUGHT   06_docs/mutants/mAG1_the_pool_row_loses_its_fire_and_seismic.py — TestThePoolRowCarriesEveryMark (0.00s)
[118/358] CAUGHT   06_docs/mutants/mAG2_the_pool_row_opens_observers_selection.py — TestEnterOnAPoolRowOpensThatLocation (0.00s)
[119/358] CAUGHT   06_docs/mutants/mAG3_a_second_enter_only_closes_a_card.py — TestEnterOnAPoolRowOpensThatLocation (0.00s)
[120/358] CAUGHT   06_docs/mutants/mAG4_the_recent_pipeline_stops_fetching_seismic.py — TestCadenceTableIsTheDoc (0.00s)
[121/358] CAUGHT   06_docs/mutants/mAH1_out_of_fence_hazards_stay_on_the_frame.py — TestARailOfUnreadableCardsGivesTheBedBack (0.00s)
[122/358] CAUGHT   06_docs/mutants/mAH2_the_up_next_box_loses_its_ground.py — TestTheUpNextBoxWearsTwoGrounds (0.00s)
[123/358] CAUGHT   06_docs/mutants/mAI1_the_station_settings_leak_to_observer.py — TestSetupAllocBudget (0.11s)
[124/358] CAUGHT   06_docs/mutants/mAI2_the_typeahead_writes_the_listeners_default.py — TestTheTransmitterRowResolvesLikeTheDefaultLocation (0.00s)
[125/358] CAUGHT   06_docs/mutants/mAI3_a_bare_save_ends_the_stations_fallback.py — TestASaveWithNoChoiceLeavesTheStationBorrowing (0.00s)
[126/358] CAUGHT   06_docs/mutants/mAI4_a_new_radius_is_stored_but_not_derived.py — TestSettingTheServiceRadiusReDerivesThePool (0.08s)
[127/358] CAUGHT   06_docs/mutants/mAI5_the_service_radius_ignores_its_bounds.py — TestTheServiceRadiusRefusesWhatIsOutOfBounds (0.00s)
[128/358] CAUGHT   06_docs/mutants/mAI6_a_borrowed_epicentre_looks_chosen.py — TestABorrowedEpicentreSaysSo (0.00s)
[129/358] CAUGHT   06_docs/mutants/mAJ1_the_running_order_forgets_the_weather.py — TestConsoleFrameAllocBudget (0.00s)
[130/358] CAUGHT   06_docs/mutants/mAJ2_the_running_orders_marks_are_not_the_places.py — TestTheRunningOrderCarriesEachBeatsWeather (0.00s)
[131/358] CAUGHT   06_docs/mutants/mAK1_the_bed_tunes_through_the_listeners_list.py — TestSteppingTheBedTunesTheChosenRelaysOwnMounts (0.05s)
[132/358] CAUGHT   06_docs/mutants/mAK2_the_bed_offers_relays_nothing_streams.py — TestTheBedFenceKeepsOutWhatTheResolverWouldOffer (0.00s)
[133/358] CAUGHT   06_docs/mutants/mAK3_the_bed_is_offered_with_nothing_to_carry.py — TestABedWithNothingToCarryIsNotOffered (0.00s)
[134/358] CAUGHT   06_docs/mutants/mAK4_a_moved_station_keeps_the_old_regions_relays.py — TestAMovedStationReResolvesItsRelays (2.06s)
[135/358] CAUGHT   06_docs/mutants/mAL1_a_live_card_is_offered_management.py — TestALiveCardOffersNeitherControl (0.00s)
[136/358] CAUGHT   06_docs/mutants/mAL2_an_out_of_range_move_is_sent_anyway.py — TestChangePositionRefusesWhatIsOutOfRange (0.00s)
[137/358] CAUGHT   06_docs/mutants/mAL3_the_drop_needs_no_confirmation.py — TestDropAsksAndExplainsWhatItDoes (0.00s)
[138/358] CAUGHT   06_docs/mutants/mAL4_the_question_lets_keys_through.py — TestChangePositionSendsTheMove (0.00s)
[139/358] CAUGHT   06_docs/mutants/mAL5_the_box_title_is_not_a_modal_title.py — TestTheBoxTitleReadsLikeAModalTitle (0.00s)
[140/358] UNAPPLIED 06_docs/mutants/mAM1_a_move_lands_one_slot_low.py — the mutation did not match
[141/358] CAUGHT   06_docs/mutants/mAM2_the_running_order_stops_at_fourteen.py — TestTheConsoleShowsAtMostFifteenMainTrackSlots (0.00s) [caught only against ./...]
[142/358] CAUGHT   06_docs/mutants/mAN1_the_console_builds_day_cells_it_never_draws.py — TestTheLineupRowsBuildNoDayCells (0.00s)
[143/358] CAUGHT   06_docs/mutants/mAN2_the_alloc_budget_measures_an_empty_console.py — TestConsoleFrameAllocBudget (0.00s)
[144/358] CAUGHT   06_docs/mutants/mAO1_the_keymap_answers_the_card_windows_keys.py — TestChangePositionSendsTheMove (0.00s)
[145/358] CAUGHT   06_docs/mutants/mAP1_the_fence_trusts_the_arrivals_own_tie.py — TestAPointlessAlertIsAdmittedOnlyByTheTrackedTie (0.00s)
[146/358] CAUGHT   06_docs/mutants/mAP2_the_fence_is_built_without_the_tie_set.py — TestTheDecksFenceCarriesTheScopesTieSet (0.00s)
[147/358] CAUGHT   06_docs/mutants/mAP3_the_arrival_carries_its_raw_id.py — TestTheArrivalsKeyAndTheTieSetsKeyAreTheSameKey (0.00s)
[148/358] CAUGHT   06_docs/mutants/mAP4_the_tie_set_ignores_the_scopes_radius.py — TestTheDecksFenceCarriesTheScopesTieSet (0.00s)
[149/358] CAUGHT   06_docs/mutants/mAQ1_the_console_never_inherits_the_fire_threshold.py — TestTheConsoleReadsTheOperatorsFireThreshold (0.00s)
[150/358] CAUGHT   06_docs/mutants/mAQ2_the_console_pins_the_fire_threshold_again.py — TestTheConsoleReadsTheOperatorsFireThreshold (0.00s)
[151/358] CAUGHT   06_docs/mutants/mAR1_the_memo_forgets_an_input.py — TestConsoleFrameAllocBudget (0.02s)
[152/358] CAUGHT   06_docs/mutants/mAR2_the_memo_forgets_the_running_order.py — TestTheConsoleMemoKeyCoversEverythingTheTablesShow (0.02s)
[153/358] CAUGHT   06_docs/mutants/mAR3_the_writer_forgets_to_bump_the_generation.py — TestTheConsoleMemoKeyCoversEverythingTheTablesShow (0.02s)
[154/358] CAUGHT   06_docs/mutants/mAR4_the_pool_is_appended_onto_the_cached_lineup.py — TestTheJoinNeverWritesIntoTheCache (0.00s)
[155/358] CAUGHT   06_docs/mutants/mAR5_the_index_is_built_on_every_frame.py — TestConsoleFrameAllocBudget (0.04s)
[156/358] CAUGHT   06_docs/mutants/mAR6_the_memo_never_hits.py — TestConsoleFrameAllocBudget (0.06s)
[157/358] CAUGHT   06_docs/mutants/mAS1_the_app_stops_handing_over_the_bounds.py — TestTheAppHandsTheWindowItsServiceBounds (0.00s)
[158/358] CAUGHT   06_docs/mutants/mAS2_the_window_invents_its_own_bounds_again.py — TestAWindowWithNoBoundsRefusesEveryRadius (0.00s)
[159/358] CAUGHT   06_docs/mutants/mAS3_the_range_check_ignores_whether_it_was_told.py — TestAWindowWithNoBoundsRefusesEveryRadius (0.00s)
[160/358] CAUGHT   06_docs/mutants/mAT1_the_relay_count_rides_on_the_bed_message_again.py — TestTheRelayCountSurvivesALaterBedMessage (0.00s)
[161/358] CAUGHT   06_docs/mutants/mAU1_the_alert_boxs_way_in_is_dead_again.py — TestTheAlertBoxsWayInOpensThePriorityCard (0.00s)
[162/358] CAUGHT   06_docs/mutants/mAU2_the_hazard_window_gets_a_builder_of_its_own.py — TestTheAlertBoxsWayInOpensThePriorityCard (0.00s)
[163/358] CAUGHT   06_docs/mutants/mAV1_the_hazard_window_floats_on_the_standard_ground.py — TestTheAlertWindowWearsTheCardsGround (0.00s)
[164/358] CAUGHT   06_docs/mutants/mAV2_every_window_wears_its_cards_ground.py — TestAReportsWindowKeepsTheStandardGround (0.00s)
[165/358] CAUGHT   06_docs/mutants/mAV3_the_open_hazard_window_never_refreshes.py — TestTheOpenHazardWindowRefreshes (0.00s)
baseline ./platform/report/ ... green
[166/358] CAUGHT   06_docs/mutants/mAW1_the_full_report_lists_its_labels.py — TestDescribeIsTheRunningOrdersRule (0.00s)
[167/358] CAUGHT   06_docs/mutants/mAW2_the_labels_follow_the_operators_order.py — TestDescribeIsTheRunningOrdersRule (0.00s)
[168/358] CAUGHT   06_docs/mutants/mAW3_an_unknown_kind_joins_the_set.py — TestAKindThisBuildDoesNotKnowIsSilent (0.00s)
[169/358] CAUGHT   06_docs/mutants/mAX1_every_source_is_fetched_whatever_was_asked.py — TestOnlyTheChosenKindsAreGathered (2.30s)
[170/358] CAUGHT   06_docs/mutants/mAX2_the_nws_products_are_always_pulled.py — TestTheForecastProductsAreNotPulledUnlessAsked (0.83s)
[171/358] CAUGHT   06_docs/mutants/mAX3_a_card_with_no_set_composes_nothing.py — TestACardThatNamesNoSetStillComposesAFullReport (0.23s)
[172/358] CAUGHT   06_docs/mutants/mAY1_a_request_appends_instead_of_inserting.py — TestInsertPushesTheRestDown (0.00s)
[173/358] CAUGHT   06_docs/mutants/mAY2_the_overflow_is_dropped_not_discarded.py — TestTheLastCardFallsIntoTheDiscardPile (0.00s)
[174/358] CAUGHT   06_docs/mutants/mAY3_the_cap_counts_the_directors_own_cards.py — TestAStructuralCardIsNeverTheOneThatFallsOff (0.00s)
[175/358] CAUGHT   06_docs/mutants/mAY4_the_director_refuses_the_operators_request.py — TestTheLastCardFallsIntoTheDiscardPile (0.00s)
[176/358] CAUGHT   06_docs/mutants/mAZ1_the_request_key_is_dead_again.py — TestTheConsolesTwoDrawnControlsAreBound (0.00s)
[177/358] CAUGHT   06_docs/mutants/mAZ2_the_lookup_key_is_dead_again.py — TestTheConsolesTwoDrawnControlsAreBound (0.00s)
[178/358] UNAPPLIED 06_docs/mutants/mAZ3_the_request_window_closes_on_an_invalid_form.py — the mutation did not match
[179/358] CAUGHT   06_docs/mutants/mB0_effects_run_inline.py — TestALongRunningEffectDoesNotDelayTheNextEvent (5.00s)
[180/358] CAUGHT   06_docs/mutants/mB1_every_effect_gets_its_own_worker.py — TestRunsOfGroupsOnlyWhatMustStayInOrder (0.00s)
[181/358] CAUGHT   06_docs/mutants/mB2_everything_is_one_run.py — TestALongRunningEffectDoesNotDelayTheNextEvent (5.00s)
[182/358] CAUGHT   06_docs/mutants/mB3_a_panic_is_not_contained.py — the test binary did not survive it: panic: the executor came apart
[183/358] CAUGHT   06_docs/mutants/mB4_a_contained_panic_fails_nothing.py — TestAPanickingExecutorDoesNotKillThePump (5.00s)
[184/358] CAUGHT   06_docs/mutants/mB5_a_cardless_panic_fails_a_card.py — TestAContainedPanicEmitsNothingForAnEffectThatNamesNoCard (0.00s)
[185/358] CAUGHT   06_docs/mutants/mB6_stop_abandons_effects_in_flight.py — TestStopDrainsEveryDispatchedEffect (0.00s)
[186/358] CAUGHT   06_docs/mutants/mB7_a_fault_goes_unreported.py — TestAPanickingExecutorDoesNotKillThePump (5.00s)
[187/358] CAUGHT   06_docs/mutants/mBA1_the_running_order_ignores_what_a_card_carries.py — TestTheRunningOrderNamesWhatEachCardCarries (0.00s)
[188/358] CAUGHT   06_docs/mutants/mBB1_the_out_of_radius_helper_goes_plain.py — TestTheOutOfRadiusHelperWearsObserversCaveatTone (0.30s)
[189/358] CAUGHT   06_docs/mutants/mBB2_the_helper_is_tinted_once_and_wraps_plain.py — TestTheConsoleLookupsCaveatKeepsItsColourAcrossTheWrap (0.00s)
[190/358] CAUGHT   06_docs/mutants/mBB3_the_helper_wraps_to_the_wrong_window.py — TestTheConsoleLookupsCaveatKeepsItsColourAcrossTheWrap (0.00s)
[191/358] CAUGHT   06_docs/mutants/mBC1_the_request_opens_on_no_position.py — TestTheBlockerNamesEachUnmetConditionInTurn (0.00s)
[192/358] CAUGHT   06_docs/mutants/mBC2_prioritize_reads_like_everything_else.py — TestPrioritizeIsBoldAndYellow (0.00s)
[193/358] CAUGHT   06_docs/mutants/mBC3_the_lookup_admits_anything.py — TestAPlaceInsideTheRadiusButOutsideThePoolIsValid (0.06s)
[194/358] CAUGHT   06_docs/mutants/mC0_a_read_the_context_ended_still_comes_home_finished.py — TestSpeakEndedByTheContextComesHomeFailedNotFinished (0.00s)
[195/358] CAUGHT   06_docs/mutants/mC1_an_empty_script_is_built_as_silence.py — TestAScriptThatRendersNothingFailsTheCardRatherThanBuildingSilence (0.00s)
[196/358] CAUGHT   06_docs/mutants/mC2_the_cue_is_not_recorded.py — TestTheCueReachesTheBandAndIsRecorded (0.00s)
[197/358] CAUGHT   06_docs/mutants/mC3_a_declined_card_effect_fails_nothing.py — TestABuildForACardTheProducerDoesNotKnowFailsTheCard (0.00s)
[198/358] CAUGHT   06_docs/mutants/mC4_a_report_is_read_as_an_alert.py — TestTheProgrammeIsPerformedOnTheBroadcastEngineAndNotThroughTheArbiter (0.00s)
[199/358] CAUGHT   06_docs/mutants/mC5_the_band_record_is_unbounded.py — TestTheBandRecordIsBounded (0.00s)
[200/358] CAUGHT   06_docs/mutants/mC6_the_slot_is_dropped_from_the_build.py — TestEffectsAboutACardCarryItsSlot (0.00s)
[201/358] CAUGHT   06_docs/mutants/mC7_a_cue_that_cannot_be_built_fails_the_card.py — TestACueTheProducerCannotAccountForIsReportedAndFailsNothing (0.00s)
[202/358] CAUGHT   06_docs/mutants/mC8_a_silent_read_holds_for_nothing.py — TestSpeakWithNoVoiceStillHoldsSoTheCalloutCanBeRead (0.00s)
[203/358] CAUGHT   06_docs/mutants/mC9_the_read_follows_the_bars.py — TestSpeakReadsThroughTheNarratorAndComesHomeFinished (0.00s)
[204/358] CAUGHT   06_docs/mutants/mCA_the_lane_is_dropped_from_the_speak.py — TestABurstSoundsOneToneForItsHighestSeverityEvent (0.00s) [caught only against ./...]
[205/358] CAUGHT   06_docs/mutants/mCA1_the_windows_answer_goes_to_the_wrong_surface.py — TestAPooledLocationIsStillAcceptedOnTheConsole (0.00s)
[206/358] CAUGHT   06_docs/mutants/mCB_a_hazard_is_played_as_the_programme.py — TestARailCardThatReachesTheProgrammesReaderIsRefused (0.00s)
[207/358] CAUGHT   06_docs/mutants/mCB1_the_console_looks_up_anywhere.py — TestOnlyTheLastPauseAsks (0.00s)
[208/358] UNAPPLIED 06_docs/mutants/mCB2_the_refused_key_acts_anyway.py — the mutation did not match
[209/358] CAUGHT   06_docs/mutants/mCC_a_halted_read_comes_home_finished.py — TestAReadHaltedAfterItStartedComesHomeFailed (0.00s)
[210/358] CAUGHT   06_docs/mutants/mCC1_the_pool_is_the_service_radius_again.py — TestAPlaceInsideTheRadiusButOutsideThePoolIsValid (0.06s)
[211/358] CAUGHT   06_docs/mutants/mCC2_the_fence_admits_everywhere.py — TestARealPlaceOutsideTheRadiusIsNamedButNotWithin (0.06s)
baseline ./platform/debounce/ ... green
[212/358] CAUGHT   06_docs/mutants/mCC3_the_debounce_takes_a_stale_answer.py — TestAnAnswerForAnOlderEditIsRefused (0.00s)
[213/358] CAUGHT   06_docs/mutants/mCC4_every_keystroke_asks.py — TestThePauseIsLongEnoughToBeAPause (0.00s)
[214/358] CAUGHT   06_docs/mutants/mCD_a_cards_read_moves_the_bed.py — TestAMainTrackReadTellsTheDirectorNothingAboutTheBed (0.00s)
[215/358] CAUGHT   06_docs/mutants/mCD1_the_dead_presenter_label_returns.py — TestTheUpNextCardIsAddressableEmptyOrNot (0.00s)
[216/358] CAUGHT   06_docs/mutants/mCE_standby_leaves_the_words_going_out.py — TestTheOperatorSilencingTheStationStopsAReadAlreadyGoingOut (0.00s)
[217/358] CAUGHT   06_docs/mutants/mCE1_the_up_next_caption_goes_plain.py — TestTheUpNextCaptionIsBoldWhite (0.00s)
[218/358] CAUGHT   06_docs/mutants/mCF_the_air_goes_back_and_the_programme_reads_on.py — TestTheOperatorSilencingTheStationStopsAReadAlreadyGoingOut (0.00s)
[219/358] CAUGHT   06_docs/mutants/mCF1_both_editions_wear_one_tone.py — TestTheWordmarkPaintsTheConsolesEditionWithItsOwnToken (0.00s)
[220/358] CAUGHT   06_docs/mutants/mCG1_the_on_air_state_is_not_bold.py — TestTheOnAirStateIsBoldWhileBroadcasting (0.00s)
[221/358] CAUGHT   06_docs/mutants/mCG2_the_up_next_box_leaves_the_bands_blue.py — TestTheUpNextBoxWearsTheSameBlueAsTheDirectionBand (0.00s)
[222/358] CAUGHT   06_docs/mutants/mCH1_the_help_window_answers_for_observer.py — TestTheConsolesHelpDocumentsTheConsole (0.00s)
[223/358] CAUGHT   06_docs/mutants/mCH2_the_help_window_reads_the_wrong_keymap.py — TestTheConsolesHelpDocumentsTheConsole (0.00s)
[224/358] CAUGHT   06_docs/mutants/mCH3_the_swap_is_documented_nowhere.py — TestAnOverrideInTheKeyTableChangesTheConsolesChord (0.00s)
[225/358] CAUGHT   06_docs/mutants/mCH4_the_request_key_leaves_the_keymap.py — TestTheConsolesTwoDrawnControlsAreBound (0.00s)
[226/358] CAUGHT   06_docs/mutants/mCJ1_the_status_line_goes_plain.py — TestTheStatusLineIsColourCoded (0.00s)
[227/358] CAUGHT   06_docs/mutants/mCJ2_the_age_ladder_loses_a_rung.py — TestTheDataAgeLadderTurnsAtItsThresholds (0.00s)
[228/358] CAUGHT   06_docs/mutants/mCJ3_the_ladder_is_borrowed_not_owned.py — TestMonochromeHasNoColourInIt (0.00s)
[229/358] CAUGHT   06_docs/mutants/mCK1_the_held_notice_is_a_bare_line_again.py — TestTheHeldNoticeIsAThreeLineBand (0.00s)
[230/358] CAUGHT   06_docs/mutants/mCK2_the_band_clips_its_worst_message.py — TestTheSeverestRungIsNeverTruncated (0.00s)
[231/358] CAUGHT   06_docs/mutants/mCL1_a_letter_bound_to_a_swap_is_eaten.py — TestTheConsoleLookupTakesEveryLetterOfTheStationsName (0.00s)
[232/358] CAUGHT   06_docs/mutants/mCL2_a_request_past_the_end_is_dropped.py — TestARequestPastTheEndLandsAtTheEnd (0.00s)
[233/358] CAUGHT   06_docs/mutants/mCL3_a_failed_lookup_reads_as_no_such_place.py — TestATimedOutLookupReportsThatItCouldNotAsk (0.06s)
[234/358] CAUGHT   06_docs/mutants/mD0_the_band_is_not_a_shared_output.py — TestOnlySharedOutputWorkRidesTheLane (0.00s) [caught only against ./...]
[235/358] CAUGHT   06_docs/mutants/mD1_everything_rides_the_lane.py — TestALongRunningEffectDoesNotDelayTheNextEvent (5.00s)
[236/358] CAUGHT   06_docs/mutants/mD2_a_card_with_words_is_refused_again.py — TestACardThatArrivesWithItsWordsTakesTheAirAndIsNeverBuilt (0.00s)
[237/358] CAUGHT   06_docs/mutants/mD3_a_card_with_words_is_built_anyway.py — TestACardThatArrivesWithItsWordsTakesTheAirAndIsNeverBuilt (0.00s)
[238/358] CAUGHT   06_docs/mutants/mD4_the_card_takes_the_air_and_nobody_is_told.py — TestACardThatArrivesWithItsWordsTakesTheAirAndIsNeverBuilt (0.00s)
[239/358] CAUGHT   06_docs/mutants/mD5_the_one_ahead_is_lost_behind_a_structural_card.py — TestACardThatArrivesWithItsWordsTakesTheAirAndIsNeverBuilt (0.00s)
[240/358] CAUGHT   06_docs/mutants/mD6_the_lane_is_fed_from_the_worker.py — TestTheBandIsReleasedBeforeTheNextCardIsCued (0.05s)
[241/358] CAUGHT   06_docs/mutants/mD8_preparation_runs_ahead_of_the_air.py — TestAnArrivalIsPlannedQueuedPreparedAndPublished (0.00s)
[242/358] CAUGHT   06_docs/mutants/mD9_the_second_door_is_left_open.py — TestOnlyAReportComposesItsTextAtStandby (0.00s)
[243/358] CAUGHT   06_docs/mutants/mDA_a_step_publishes_twice.py — TestAStepPublishesOnceAndLast (0.00s)
[244/358] CAUGHT   06_docs/mutants/mDB_a_stranger_publishes.py — TestAnEventForACardTheLineupDoesNotHoldChangesNothing (0.00s)
[245/358] CAUGHT   06_docs/mutants/mDC_the_bed_is_not_a_shared_output.py — TestOnlySharedOutputWorkRidesTheLane (0.00s) [caught only against ./...]
[246/358] CAUGHT   06_docs/mutants/mDD_the_lane_outlives_the_loop.py — TestTheLaneRetiresWithTheLoop (0.00s)
[247/358] CAUGHT   06_docs/mutants/mDE_a_queued_run_is_discarded_on_a_coin_flip.py — the test binary did not survive it: panic: test timed out after 10m0s
[248/358] CAUGHT   06_docs/mutants/mDF_an_effect_is_dropped_from_its_run.py — TestALongRunningEffectDoesNotDelayTheNextEvent (5.00s)
[249/358] CAUGHT   06_docs/mutants/mE0_the_duck_is_not_idempotent.py — TestDirectorBreakingSuspendsAndResumesARead (0.51s)
[250/358] CAUGHT   06_docs/mutants/mE1_the_bed_is_taken_back_when_nobody_dipped_it.py — TestDirectorMutedAndSilentNeverDuck (0.00s)
[251/358] CAUGHT   06_docs/mutants/mE3_the_duck_effect_never_reaches_the_bed.py — TestTheDuckAndItsRestoreReachTheEffector (0.00s)
[252/358] CAUGHT   06_docs/mutants/mE4_a_held_bed_is_lifted_between_cards.py — TestTheBedIsDippedOnceForAWholeDrain (0.00s)
[253/358] CAUGHT   06_docs/mutants/mE5_the_held_bed_is_never_given_back.py — TestTheDuckAndItsRestoreReachTheEffector (0.00s)
[254/358] CAUGHT   06_docs/mutants/mE6_the_rail_lifts_the_bed_over_a_live_read.py — TestTheRailNeverLiftsTheBedOverALiveRead (0.00s)
[255/358] CAUGHT   06_docs/mutants/mE7_the_dip_and_the_claim_are_not_atomic.py — TestTheBedIsNeverLiftedBetweenTheDipAndTheClaim (0.04s)
[256/358] CAUGHT   06_docs/mutants/mF0_the_space_read_sounds_a_tone_again.py — TestEventReaderDucksSpeaksRestoresAndOverlaysThePanel (0.01s)
[257/358] CAUGHT   06_docs/mutants/mF1_the_bed_barely_dips.py — TestTheDipDepthIsPinned (0.00s)
[258/358] CAUGHT   06_docs/mutants/mG0_a_bound_returns_mid_read.py — TestBreakingBurstIsOneSequentialScriptNoOverlap (4.07s)
[259/358] CAUGHT   06_docs/mutants/mG1_the_tone_follows_the_running_order.py — TestABurstSoundsOneToneForItsHighestSeverityEvent (18.31s)
[260/358] CAUGHT   06_docs/mutants/mG2_the_render_moves_back_into_the_pause.py — TestTheRetryPathAlsoCuesNothingOnceTheSequenceEnded (0.00s)
[261/358] CAUGHT   06_docs/mutants/mG3_the_first_alert_renders_in_the_heads_pause.py — TestT03TheCuePrecedesTheWordsForEveryEvent (0.00s)
[262/358] CAUGHT   06_docs/mutants/mG4_the_tone_tie_falls_back_to_position.py — TestTheToneComesFromTheWorstEventNotTheFirst (0.00s)
[263/358] CAUGHT   06_docs/mutants/mH0_nothing_left_to_wait_skips_the_check.py — TestHoldRestChecksTheAirWhenTheWorkOutranTheSound (0.00s)
[264/358] CAUGHT   06_docs/mutants/mH2_the_cue_goes_up_without_checking_the_air.py — TestTheRetryPathAlsoCuesNothingOnceTheSequenceEnded (0.00s)
[265/358] CAUGHT   06_docs/mutants/mI0_the_schedule_abandons_its_goroutines.py — TestAScheduleLeavesNoGoroutineBehind (0.32s)
[266/358] CAUGHT   06_docs/mutants/mJ0_a_paused_read_holds_the_bed.py — TestAPausedReadReleasesTheBedAndResumesOnRequest (2.00s)
[267/358] CAUGHT   06_docs/mutants/mJ1_settle_promotes_a_paused_read.py — TestAPausedReadReleasesTheBedAndResumesOnRequest (2.00s)
[268/358] CAUGHT   06_docs/mutants/mJ2_closing_the_window_waits_for_the_read.py — TestTheWindowsCloseHookDoesNotWaitForTheRead (0.00s)
[269/358] CAUGHT   06_docs/mutants/mJ3_a_stale_read_clears_the_current_ones_state.py — TestFastInputNeverLeavesTwoReadsRunning (2.00s)
[270/358] CAUGHT   06_docs/mutants/mJ4_the_close_path_sends_and_softlocks.py — TestTheClosePathNeverSendsAndSoCannotSoftlock (2.00s)
[271/358] CAUGHT   06_docs/mutants/mK0_the_dwell_does_not_restart_at_the_decision.py — TestALiveRelayAdvancesWhenItsDwellElapses (0.00s)
[272/358] CAUGHT   06_docs/mutants/mK1_the_synth_broadcast_dwells_like_a_relay.py — TestTheBedHoldsWhenItShould (0.00s)
[273/358] CAUGHT   06_docs/mutants/mK2_a_takeover_cannot_be_paused_through.py — TestAPausedReadReleasesTheBedAndResumesOnRequest (0.00s)
[274/358] CAUGHT   06_docs/mutants/mK3_two_presses_race_the_same_reader.py — TestTwoPressesCannotRaceTheSameReader (0.00s)
[275/358] CAUGHT   06_docs/mutants/mK4_a_lone_station_retunes_itself.py — TestAWatchlistOfOneNeverRetunesItself (0.00s)
[276/358] CAUGHT   06_docs/mutants/mK5_a_queued_read_cannot_be_paused.py — TestAQueuedReadCanBePausedBeforeItTakesTheAir (0.00s)
[277/358] CAUGHT   06_docs/mutants/mK6_a_pause_claims_a_dead_read.py — TestAPauseNeverClaimsACancelledRead (0.00s)
[278/358] CAUGHT   06_docs/mutants/mK7_the_mark_outlives_a_read_that_never_started.py — TestEventReaderDucksSpeaksRestoresAndOverlaysThePanel (0.01s)
[279/358] CAUGHT   06_docs/mutants/mK8_a_second_read_starts_over_the_first.py — TestEventReaderDucksSpeaksRestoresAndOverlaysThePanel (0.01s)
[280/358] CAUGHT   06_docs/mutants/mL0_the_on_air_pause_claims_a_dead_read.py — TestThePauseAndTheReportNeverDisagree (0.00s)
[281/358] CAUGHT   06_docs/mutants/mL1_a_paused_queued_read_holds_the_bed.py — TestAPausedQueuedReadGivesTheBedBack (2.00s)
[282/358] CAUGHT   06_docs/mutants/mL2_a_dead_read_is_promoted_to_the_air.py — TestThePauseAndTheReportNeverDisagree (0.00s)
[283/358] CAUGHT   06_docs/mutants/mL3_a_dead_waiting_read_holds_the_bed.py — TestADeadWaitingReadDoesNotHoldTheBed (0.00s)
[284/358] CAUGHT   06_docs/mutants/mL4_the_enumerations_on_air_third_is_dropped.py — TestAPausedReadReleasesTheBedAndResumesOnRequest (0.00s)
[285/358] CAUGHT   06_docs/mutants/mM0_a_stopped_programme_advances_the_bed.py — TestAStoppedProgrammeDoesNotAdvanceTheBed (0.00s)
[286/358] CAUGHT   06_docs/mutants/mM1_a_finished_cycle_holds_the_bed.py — TestTheSynthBroadcastAdvancesWhenItsCycleEnds (0.00s)
[287/358] CAUGHT   06_docs/mutants/mM2_the_directors_tune_lifts_the_duck.py — TestTheDirectorsTuneLeavesTheDuckAlone (0.00s)
[288/358] CAUGHT   06_docs/mutants/mM3_the_director_is_never_told_the_programme_runs.py — TestATuneStartsTheMonitorAndNotTheStation (0.07s)
[289/358] CAUGHT   06_docs/mutants/mM4_the_rotation_row_is_drawn_but_inert.py — TestTheChosenRotationIsSavedToTheRadio (0.00s)
[290/358] CAUGHT   06_docs/mutants/mM5_the_new_rotation_never_reaches_the_director.py — TestTheSettingsRotationReachesTheDirectorAtOnce (0.00s)
[291/358] CAUGHT   06_docs/mutants/mN0_a_hazard_waits_out_the_weather.py — TestTheProgrammeIsHeldForAWholeRailDrainNotPerHazard (0.00s)
[292/358] CAUGHT   06_docs/mutants/mN1_a_report_reads_under_a_hazard.py — TestAStaleDropLandsOnThePile (0.00s)
[293/358] CAUGHT   06_docs/mutants/mN2_the_hazards_words_queue_behind_the_weather.py — TestOnlySharedOutputWorkRidesTheLane (0.00s) [caught only against ./...]
[294/358] CAUGHT   06_docs/mutants/mN3_a_reports_exit_clears_the_hazards_callout.py — TestAReportsExitLeavesTheHazardsCalloutUp (0.00s)
[295/358] CAUGHT   06_docs/mutants/mN4_the_programme_is_not_held_for_the_whole_drain.py — TestTheProgrammeIsHeldForAWholeRailDrainNotPerHazard (0.00s)
[296/358] CAUGHT   06_docs/mutants/mP0_a_station_on_standby_admits_nothing.py — TestAnOfferFillsTheLineUpWhileTheProgrammeIsOnStandby (0.00s)
[297/358] CAUGHT   06_docs/mutants/mP1_the_composer_waits_for_the_power.py — TestAnArrivalIsPlannedQueuedPreparedAndPublished (0.00s)
[298/358] CAUGHT   06_docs/mutants/mP2_a_stale_card_is_tossed_instead_of_rehydrated.py — TestAStandingByCardsWordsAreAskedForAgainRatherThanDropped (0.00s)
[299/358] CAUGHT   06_docs/mutants/mP3_the_refresh_asks_again_every_tick.py — TestARefreshIsAskedForOnceWhileItIsInFlight (0.00s)
[300/358] CAUGHT   06_docs/mutants/mP4_the_refresh_competes_with_the_rail.py — TestTheMergedStationHoldsItsPropertiesUnderRandomTiming (0.03s)
[301/358] CAUGHT   06_docs/mutants/mP5_a_running_station_refreshes_the_card_behind_the_read.py — TestARunningStationDoesNotRefreshTheCardWaitingBehindTheOneOnAir (0.00s)
[302/358] UNAPPLIED 06_docs/mutants/mP6_live_holds_the_queue_head_on_standby.py — the mutation did not match
[303/358] CAUGHT   06_docs/mutants/mP7_the_live_slot_shunts_between_reads.py — TestGoingOnAirFillsTheLiveRow (0.00s)
[304/358] CAUGHT   06_docs/mutants/mQ0_the_halt_of_the_displaced_source_ends_the_read.py — TestAReadComesHomeFinishedOverARealEngine (0.05s)
[305/358] CAUGHT   06_docs/mutants/mQ1_the_card_goes_back_to_rounded_corners.py — TestHeaderIsATitledBox (0.00s) [caught only against ./...]
[306/358] CAUGHT   06_docs/mutants/mQ2_a_rail_is_drawn_where_nothing_scrolls.py — TestTheScrollControlIsThePoolsAlone (0.00s)
[307/358] CAUGHT   06_docs/mutants/mR1_the_band_is_released_only_on_the_happy_path.py — TestEveryExitFromTheAirReleasesTheTicker (0.00s)
[308/358] CAUGHT   06_docs/mutants/mR3_an_alert_card_is_painted_by_its_lead_not_its_worst.py — TestABurstIsPaintedByItsMostSevereAlert (0.00s)
[309/358] CAUGHT   06_docs/mutants/mR4_an_alert_card_stops_matching_the_events_window.py — TestAnAlertCardWearsTheSameTintAsTheEventsWindow (0.00s)
[310/358] CAUGHT   06_docs/mutants/mR5_the_operators_own_cards_look_like_the_stations.py — TestAnOperatorsCardIsToldFromTheStationsOwn (0.00s)
[311/358] CAUGHT   06_docs/mutants/mR6_an_empty_slot_is_painted_as_a_card.py — TestASlotWithNoCardIsNotPainted (0.00s)
[312/358] CAUGHT   06_docs/mutants/mR7_the_rail_loses_its_region_grounds.py — TestEachRegionsRailCarriesItsOwnGround (0.00s)
[313/358] CAUGHT   06_docs/mutants/mS0_the_tracks_share_their_cells_again.py — TestTheColumnsNeverBleedIntoEachOther (0.00s)
[314/358] CAUGHT   06_docs/mutants/mS1_an_unbuilt_card_can_go_stale.py — TestPD3TheNoticeItselfCanNeverGoStale (0.00s)
[315/358] CAUGHT   06_docs/mutants/mS1_the_takeover_loses_its_border_title.py — TestAClearRailStillDrawsTheAlertBox (0.00s)
[316/358] CAUGHT   06_docs/mutants/mS2_a_card_stops_saying_what_it_is_doing.py — TestTheStatusLineIsColourCoded (0.00s)
[317/358] CAUGHT   06_docs/mutants/mS2_staleness_is_judged_on_a_stopped_programme.py — TestPD3AStoppedProgrammeDoesNotJudgeStaleness (0.00s)
[318/358] CAUGHT   06_docs/mutants/mS3_the_queue_is_clipped_instead_of_windowed.py — TestTheScrollControlIsThePoolsAlone (0.00s)
[319/358] CAUGHT   06_docs/mutants/mS4_the_queues_thumb_never_moves.py — TestTheThumbMovesWithTheWindow (0.00s)
[320/358] CAUGHT   06_docs/mutants/mS5_the_queue_cannot_be_scrolled.py — TestThePointerWalksAndTheWindowFollows (0.00s)
[321/358] CAUGHT   06_docs/mutants/mS6_the_queues_scroll_wraps_instead_of_stopping.py — TestThePointerWalksAndTheWindowFollows (0.00s)
[322/358] CAUGHT   06_docs/mutants/mS7_the_console_reaches_past_an_open_window.py — TestTheConsolesControlsStandAsideForAnOpenWindow (0.00s)
[323/358] CAUGHT   06_docs/mutants/mT0_the_rail_holds_one_card_per_alert.py — TestAnArrivalIsPlannedQueuedPreparedAndPublished (0.00s)
[324/358] CAUGHT   06_docs/mutants/mT1_the_takeover_hides_what_follows_the_lead.py — TestABurstOfManyAlertsIsOneCardOnTheRail (0.00s)
baseline ./domains/radio/synth/ ... green
[325/358] CAUGHT   06_docs/mutants/mT2_the_fire_manifest_reports_a_silent_feed_as_zero.py — TestFireCountsReportOnlyWhatTheFeedsAnswered (0.00s)
[326/358] CAUGHT   06_docs/mutants/mT3_every_segment_names_its_source.py — TestEachSourceTagsItsFirstSegmentOnly (0.00s)
[327/358] CAUGHT   06_docs/mutants/mT4_the_card_loses_its_kind.py — TestTheHeadlineSitsOnTheCardsInset (0.00s)
[328/358] CAUGHT   06_docs/mutants/mT5_the_stamp_reads_a_clock_production_never_sets.py — TestTheConsolesStampAlwaysCarriesAnAge (0.00s)
[329/358] CAUGHT   06_docs/mutants/mU0_the_producer_never_tells_the_director.py — TestTheProducersReachTheSchedule (10.01s)
[330/358] CAUGHT   06_docs/mutants/mU1_the_composer_reads_the_lead_alone.py — TestABurstSoundsOneToneForItsHighestSeverityEvent (5.08s)
[331/358] CAUGHT   06_docs/mutants/mU2_a_muted_read_is_performed_anyway.py — TestAMutedReadIsDeclinedAndNothingIsConsumed (0.00s)
[332/358] CAUGHT   06_docs/mutants/mU3_a_cut_short_read_says_nothing.py — TestT03bATakeoverCutShortStillReleasesTheBand (0.00s)
[333/358] CAUGHT   06_docs/mutants/mU4_nothing_is_recorded_as_read_aloud.py — TestAnEvacuationOrderLeadsTheReadAndIsSpokenAloud (0.00s)
[334/358] CAUGHT   06_docs/mutants/mV0_the_fault_window_arms_no_tick.py — TestTheRelayFaultWindowRespondsToTheKeys (0.00s)
[335/358] CAUGHT   06_docs/mutants/mV1_the_fault_window_marks_focus_its_own_way.py — TestASCIIFramesCarryNothingButASCII (0.01s)
[336/358] CAUGHT   06_docs/mutants/mV2_a_repeat_silence_report_rebuilds_the_window.py — TestASecondSilenceReportDoesNotDisturbTheOpenWindow (0.00s)
[337/358] CAUGHT   06_docs/mutants/mV3_the_fault_windows_moving_parts_leave_the_memo_key.py — TestTheMemoKeyCoversEverythingTheFrameShows (0.08s)
[338/358] CAUGHT   06_docs/mutants/mV4_the_debug_windows_cursor_leaves_the_memo_key.py — TestTheMemoKeyCoversEverythingTheFrameShows (0.08s)
[339/358] CAUGHT   06_docs/mutants/mV5_a_wrapped_row_falls_back_to_the_margin.py — TestARowWrapsUnderItsOwnValue (0.00s) [caught only against ./...]
[340/358] CAUGHT   06_docs/mutants/mV6_the_body_is_cut_instead_of_wrapped.py — TestDropAsksAndExplainsWhatItDoes (0.00s)
[341/358] CAUGHT   06_docs/mutants/mW1_an_empty_slot_still_opens_a_window.py — TestAnEmptySlotNumberOpensNothing (0.00s)
[342/358] CAUGHT   06_docs/mutants/mW2_the_open_window_follows_the_slot_not_the_card.py — TestTheOpenWindowRefreshesWithTheCardAndNotWithTheSlot (0.00s)
[343/358] CAUGHT   06_docs/mutants/mW3_the_open_window_keeps_its_first_frame.py — TestTheOpenWindowRefreshesWithTheCardAndNotWithTheSlot (0.00s)
[344/358] CAUGHT   06_docs/mutants/mW4_the_arrows_reach_past_the_card_window.py — TestEveryLineOfEveryWindowIsReachableAtTheFloor (0.14s)
[345/358] CAUGHT   06_docs/mutants/mW5_the_window_is_drawn_in_the_consoles_glyphs.py — TestTheAlertBoxsWayInOpensThePriorityCard (0.00s)
[346/358] CAUGHT   06_docs/mutants/mW6_the_generation_moves_every_frame.py — TestAnUnchangedCardDoesNotMoveTheGeneration (0.00s)
[347/358] CAUGHT   06_docs/mutants/mX1_the_empty_live_slot_says_nothing.py — TestTheLiveRowCarriesTheStandbyNoticeAtRest (0.00s)
[348/358] CAUGHT   06_docs/mutants/mX3_the_standby_notice_reaches_up_next_too.py — TestAnEmptySlotShimmers (0.00s)
[349/358] CAUGHT   06_docs/mutants/mY1_the_settle_overwrites_the_operators_relay.py — TestTheOperatorsRelayChoiceSurvivesTheNextSettle (0.06s)
[350/358] CAUGHT   06_docs/mutants/mY2_the_selector_publishes_without_remembering.py — TestTheOperatorsRelayChoiceSurvivesTheNextSettle (0.05s)
[351/358] CAUGHT   06_docs/mutants/mY3_an_unchosen_relay_blanks_the_directors_bed.py — TestAnUnchosenRelayLeavesTheDirectorsBedOnTheRow (0.00s)
[352/358] CAUGHT   06_docs/mutants/mY4_the_index_stands_in_for_the_choice.py — TestAStationNobodyHasTouchedHasChosenNoRelay (0.05s)
[353/358] CAUGHT   06_docs/mutants/mZ1_observers_repeat_loops_the_card_on_the_air.py — TestObserversRepeatModeCannotLoopTheCardOnTheAir (0.00s)
[354/358] CAUGHT   06_docs/mutants/mZ2_observers_cast_recasts_the_card_on_the_air.py — TestObserversCastChangeCannotRecastTheCardOnTheAir (0.00s)
[355/358] CAUGHT   06_docs/mutants/mZ3_the_swap_silences_through_the_guarded_stop.py — TestMovingToTheConsoleSilencesTheMonitor (0.00s)
[356/358] CAUGHT   06_docs/mutants/mZ4_the_monitors_tune_reaches_the_console.py — TestTheMonitorsTuneStopsAtTheConsole (0.00s)
[357/358] CAUGHT   06_docs/mutants/mZ5_a_boundary_seam_loses_its_row.py — TestEverySurfaceSeamIsClassifiedForTheAir (0.00s)
[358/358] CAUGHT   06_docs/mutants/mZ6_the_voice_audition_plays_over_the_station.py — TestTheVoiceAuditionStopsAtTheConsole (1.02s)

mutant-verdicts: 358 mutant(s) — 352 CAUGHT, 2 SURVIVED, 4 NO EVIDENCE
  per-mutant timings recorded in dist/mutant-verdicts.timings; the next run estimates from them
NO EVIDENCE is not a pass. 4 mutant(s) were never measured —
SKIPPED (dirty tree), UNAPPLIED (the anchor moved) or INVALID (the edit
does not compile). A sweep that reports only what it managed to run is a
sweep whose green means nothing.
